// Jest Snapshot v1, https://goo.gl/fbAQLP

exports[`Leader Board page render Leader Board page with correct user 1`] = `
Object {
  "asFragment": [Function],
  "baseElement": <body>
    <div>
      <div
        class="leader-board-page"
      >
        <table>
          <thead>
            <tr>
              <th
                data-testid="userTestId"
                style="width: 500px;"
              >
                User
              </th>
              <th
                data-testid="answeredTestId"
                style="width: 200px;"
              >
                Answered
              </th>
              <th
                data-testid="createdTestId"
                style="width: 200px;"
              >
                Created
              </th>
            </tr>
          </thead>
          <tbody />
        </table>
      </div>
    </div>
  </body>,
  "container": <div>
    <div
      class="leader-board-page"
    >
      <table>
        <thead>
          <tr>
            <th
              data-testid="userTestId"
              style="width: 500px;"
            >
              User
            </th>
            <th
              data-testid="answeredTestId"
              style="width: 200px;"
            >
              Answered
            </th>
            <th
              data-testid="createdTestId"
              style="width: 200px;"
            >
              Created
            </th>
          </tr>
        </thead>
        <tbody />
      </table>
    </div>
  </div>,
  "debug": [Function],
  "findAllByAltText": [Function],
  "findAllByDisplayValue": [Function],
  "findAllByLabelText": [Function],
  "findAllByPlaceholderText": [Function],
  "findAllByRole": [Function],
  "findAllByTestId": [Function],
  "findAllByText": [Function],
  "findAllByTitle": [Function],
  "findByAltText": [Function],
  "findByDisplayValue": [Function],
  "findByLabelText": [Function],
  "findByPlaceholderText": [Function],
  "findByRole": [Function],
  "findByTestId": [Function],
  "findByText": [Function],
  "findByTitle": [Function],
  "getAllByAltText": [Function],
  "getAllByDisplayValue": [Function],
  "getAllByLabelText": [Function],
  "getAllByPlaceholderText": [Function],
  "getAllByRole": [Function],
  "getAllByTestId": [Function],
  "getAllByText": [Function],
  "getAllByTitle": [Function],
  "getByAltText": [Function],
  "getByDisplayValue": [Function],
  "getByLabelText": [Function],
  "getByPlaceholderText": [Function],
  "getByRole": [Function],
  "getByTestId": [Function],
  "getByText": [Function],
  "getByTitle": [Function],
  "queryAllByAltText": [Function],
  "queryAllByDisplayValue": [Function],
  "queryAllByLabelText": [Function],
  "queryAllByPlaceholderText": [Function],
  "queryAllByRole": [Function],
  "queryAllByTestId": [Function],
  "queryAllByText": [Function],
  "queryAllByTitle": [Function],
  "queryByAltText": [Function],
  "queryByDisplayValue": [Function],
  "queryByLabelText": [Function],
  "queryByPlaceholderText": [Function],
  "queryByRole": [Function],
  "queryByTestId": [Function],
  "queryByText": [Function],
  "queryByTitle": [Function],
  "rerender": [Function],
  "unmount": [Function],
}
`;
